HI-TECH Software C Compiler 

Linker command line:

--edf=D:\EmbeddedTools\MS_MCU\HI-TECH Software\PICC\9.83\dat\en_msgs.txt \
  -cs -h+pwm.sym -z -Q16F685 -ol.obj -Mpwm.map -E1 -ACONST=00h-0FFhx8 \
  -ACODE=00h-07FFh -ASTRCODE=00h-07FFh -AENTRY=00h-0FFhx8 \
  -ASTRING=00h-0FFhx8 -ABANK0=020h-06Fh -ABANK1=0A0h-0BFh \
  -ARAM=020h-06Fh,0A0h-0BFh -AABS1=020h-07Fh,0A0h-0BFh -ACOMMON=070h-07Fh \
  -ASFR0=00h-01Fh -ASFR1=080h-09Fh -ASFR2=0100h-016Fh \
  -preset_vec=00h,intentry=04h,init,end_init -ppowerup=CODE -pfunctab=CODE \
  -ACONFIG=02007h-02007h -pconfig=CONFIG -DCONFIG=2 -AIDLOC=02000h-02003h \
  -pidloc=IDLOC -DIDLOC=2 -AEEDATA=00h-0FFh/02100h -peeprom_data=EEDATA \
  -DEEDATA=2 -DCODE=2 -DSTRCODE=2 -DSTRING=2 -DCONST=2 -DENTRY=2 -k \
  startup.obj pwm.obj 

Object code version is 3.10

Machine type is 16F685



                Name                               Link     Load   Length Selector   Space Scale
startup.obj     end_init                             10       10        1        8       0
                reset_vec                             0        0        1        0       0
pwm.obj         intentry                              4        4        C        8       0
                text382                             4FF      4FF        B        8       0
                text381                             50A      50A        A        8       0
                text380                             47B      47B       22        8       0
                text379                             453      453       28        8       0
                text378                             42A      42A       29        8       0
                text377                             514      514        6        8       0
                text376                             3A9      3A9       81        8       0
                text375                             303      303       A6        8       0
                text374                             49D      49D       1F        8       0
                text373                              11       11      142        8       0
                text372                             153      153       EA        8       0
                text371                             4D7      4D7       17        8       0
                text370                             4BC      4BC       1B        8       0
                maintext                            23D      23D       C6        8       0
                cstackBANK0                          20       20       32       20       1
                cstackCOMMON                         70       70        A       70       1
                dataBANK0                            5B       5B        3       20       1
                bssBANK0                             52       52        9       20       1
                cinit                               4EE      4EE       11        8       0
                idataBANK0                          51A      51A        3        8       0

TOTAL           Name                               Link     Load   Length     Space
        CLASS   CONST          

        CLASS   CODE           
                end_init                             10       10        1         0
                intentry                              4        4        C         0
                reset_vec                             0        0        1         0
                text382                             4FF      4FF        B         0
                text381                             50A      50A        A         0
                text380                             47B      47B       22         0
                text379                             453      453       28         0
                text378                             42A      42A       29         0
                text377                             514      514        6         0
                text376                             3A9      3A9       81         0
                text375                             303      303       A6         0
                text374                             49D      49D       1F         0
                text373                              11       11      142         0
                text372                             153      153       EA         0
                text371                             4D7      4D7       17         0
                text370                             4BC      4BC       1B         0
                maintext                            23D      23D       C6         0
                cinit                               4EE      4EE       11         0
                idataBANK0                          51A      51A        3         0

        CLASS   STRCODE        

        CLASS   ENTRY          

        CLASS   STRING         

        CLASS   BANK0          
                cstackBANK0                          20       20       32         1
                dataBANK0                            5B       5B        3         1
                bssBANK0                             52       52        9         1

        CLASS   BANK1          

        CLASS   RAM            

        CLASS   ABS1           
                abs_s1                               7E       7E        2         1
                abs_s1                              18C      18C        1         1
                abs_s1                              19D      19D        2         1

        CLASS   COMMON         
                cstackCOMMON                         70       70        A         1

        CLASS   SFR0           

        CLASS   SFR1           

        CLASS   SFR2           

        CLASS   CONFIG         

        CLASS   IDLOC          

        CLASS   EEDATA         

        CLASS   BANK2          



SEGMENTS        Name                           Load    Length   Top    Selector   Space  Class     Delta

                reset_vec                      000000  000001  000001         0       0  CODE        2
                intentry                       000004  000519  00051D         8       0  CODE        2
                cstackBANK0                    000020  00003E  00005E        20       1  BANK0       1
                cstackCOMMON                   000070  00000A  00007A        70       1  COMMON      1


UNUSED ADDRESS RANGES

        Name                Unused          Largest block    Delta
        BANK0            05E-06F            12           1
        BANK1            0A0-0BF            20           1
        CODE             001-003             3           2
                         51D-7FF           2E3
        COMMON           07A-07D             4           1
        CONFIG           2007-2007             1           2
        CONST            001-003             3           2
                         51D-7FF           100
        EEDATA           2100-21FF           100           2
        ENTRY            001-003             3           2
                         51D-7FF           100
        IDLOC            2000-2003             4           2
        RAM              05E-06F            12           1
                         0A0-0BF            20
        SFR0             000-01F            20           1
        SFR1             080-09F            20           1
        SFR2             100-16F            70           1
        STRCODE          001-003             3           2
                         51D-7FF           2E3
        STRING           001-003             3           2
                         51D-7FF           100

                                  Symbol Table

??_ADC_Init            cstackCOMMON 07A
??_Delay_xms           cstackCOMMON 076
??_GPIO_Init           cstackCOMMON 074
??_GetADCValue         cstackCOMMON 076
??_ISR                 cstackCOMMON 070
??_PWM4_Init           cstackCOMMON 074
??_SetPWM4Plus         cstackCOMMON 074
??_System_init         cstackCOMMON 074
??___ftadd             cstackBANK0  04A
??___ftmul             cstackBANK0  03A
??___ftpack            cstackBANK0  020
??___fttol             cstackBANK0  027
??___lwtoft            cstackCOMMON 079
??_main                cstackBANK0  051
?_ADC_Init             cstackCOMMON 070
?_Delay_xms            cstackCOMMON 074
?_GPIO_Init            cstackCOMMON 070
?_GetADCValue          cstackCOMMON 074
?_ISR                  cstackCOMMON 070
?_PWM4_Init            cstackCOMMON 070
?_SetPWM4Plus          cstackCOMMON 070
?_System_init          cstackCOMMON 070
?___ftadd              cstackBANK0  044
?___ftmul              cstackBANK0  034
?___ftpack             cstackCOMMON 074
?___fttol              cstackBANK0  023
?___lwtoft             cstackBANK0  031
?_main                 cstackCOMMON 070
Delay_xms@i            cstackCOMMON 078
Delay_xms@x            cstackCOMMON 074
GetADCValue@ADC_num    cstackCOMMON 078
SetPWM4Plus@num        cstackCOMMON 074
_ADC5_Input            bssBANK0     052
_ADCON0                (abs)        01F
_ADCS0                 (abs)        4FC
_ADCS1                 (abs)        4FD
_ADCS2                 (abs)        4FE
_ADC_Init              text370      4BC
_ADC_VALUE             bssBANK0     054
_ADC_old_value         bssBANK0     056
_ADFM                  (abs)        0FF
_ADON                  (abs)        0F8
_ADRESH                (abs)        01E
_ADRESL                (abs)        09E
_ANSEL0                (abs)        488
_ANSEL1                (abs)        489
_ANSEL2                (abs)        48A
_ANSEL3                (abs)        48B
_ANSEL4                (abs)        48C
_ANSEL5                (abs)        48D
_ANSEL6                (abs)        48E
_ANSEL7                (abs)        48F
_C1SEN                 (abs)        CF5
_C2REN                 (abs)        CF4
_CARRY                 (abs)        018
_CHS0                  (abs)        0FA
_CHS1                  (abs)        0FB
_CHS2                  (abs)        0FC
_CM0                   (abs)        0C8
_CM1                   (abs)        0C9
_CM2                   (abs)        0CA
_DIVS                  (abs)        4FF
_Delay_xms             text374      49D
_EEADR                 (abs)        09B
_EECON1                (abs)        09C
_EECON2                (abs)        09D
_EEDATA                (abs)        09A
_EEPGD                 (abs)        C67
_GIE                   (abs)        05F
_GO_DONE               (abs)        0F9
_GPIO_Init             text380      47B
_GetADCValue           text378      42A
_ISR                   text382      4FF
_OPTION                (abs)        081
_OSCCON                (abs)        08F
_P4BZR                 (abs)        8A8
_P4CKSRC0              (abs)        8A9
_P4CKSRC1              (abs)        8AA
_P4CKSRC2              (abs)        8AB
_P4EN                  (abs)        8B7
_P4INTS                (abs)        8AF
_P4PER0                (abs)        8AC
_P4PER1                (abs)        8AD
_P4PER2                (abs)        8AE
_P4POL                 (abs)        8B6
_PC2                   (abs)        03A
_PC3                   (abs)        03B
_PR4L                  (abs)        114
_PSTRCON               (abs)        19D
_PULSR                 (abs)        CF2
_PULSS                 (abs)        CF3
_PWM4_Init             text379      453
_RD                    (abs)        4E0
_SR0                   (abs)        CF6
_SR1                   (abs)        CF7
_SRCON                 (abs)        19E
_STRA                  (abs)        CE8
_STRB                  (abs)        CE9
_STRC                  (abs)        CEA
_STRD                  (abs)        CEB
_STRSYNC               (abs)        CEC
_SetPWM4Plus           text377      514
_System_init           text381      50A
_T4CKDIV               (abs)        117
_TMR4H                 (abs)        113
_TMR4IE                (abs)        8B1
_TMR4IF                (abs)        8B0
_TMR4ON                (abs)        8B2
_TMR4PS0               (abs)        8B3
_TMR4PS1               (abs)        8B4
_TMR4PS2               (abs)        8B5
_TRISA0                (abs)        428
_TRISA1                (abs)        429
_TRISA6                (abs)        42E
_TRISC1                (abs)        439
_TRISC2                (abs)        43A
_TRISC3                (abs)        43B
_VCFG0                 (abs)        0FD
_WDTCON                (abs)        018
_WPDA4                 (abs)        44C
_WPDC1                 (abs)        44B
_WPDC2                 (abs)        44A
_WPDC3                 (abs)        449
_WPUA0                 (abs)        4A8
_WPUA1                 (abs)        4A9
_WPUA6                 (abs)        4AE
_WPUC1                 (abs)        441
_WPUC2                 (abs)        442
_WPUC3                 (abs)        443
_WR                    (abs)        4E8
_WREN                  (abs)        C62
__Habs1                abs1         000
__Hbank0               bank0        000
__Hbank1               bank1        000
__Hbank2               bank2        000
__HbssBANK0            bssBANK0     000
__Hcinit               cinit        000
__Hclrtext             clrtext      000
__Hcode                code         000
__Hcommon              common       000
__Hconfig              config       000
__HcstackBANK0         cstackBANK0  000
__HcstackCOMMON        cstackCOMMON 000
__HdataBANK0           dataBANK0    000
__Heeprom_data         eeprom_data  000
__Hend_init            end_init     011
__Hfunctab             functab      000
__HidataBANK0          idataBANK0   000
__Hidloc               idloc        000
__Hinit                init         010
__Hintentry            intentry     010
__Hmaintext            maintext     000
__Hpowerup             powerup      000
__Hram                 ram          000
__Hreset_vec           reset_vec    001
__Hsfr0                sfr0         000
__Hsfr1                sfr1         000
__Hsfr2                sfr2         000
__Hstrings             strings      000
__Htext                text         000
__Labs1                abs1         000
__Lbank0               bank0        000
__Lbank1               bank1        000
__Lbank2               bank2        000
__LbssBANK0            bssBANK0     000
__Lcinit               cinit        000
__Lclrtext             clrtext      000
__Lcode                code         000
__Lcommon              common       000
__Lconfig              config       000
__LcstackBANK0         cstackBANK0  000
__LcstackCOMMON        cstackCOMMON 000
__LdataBANK0           dataBANK0    000
__Leeprom_data         eeprom_data  000
__Lend_init            end_init     010
__Lfunctab             functab      000
__LidataBANK0          idataBANK0   000
__Lidloc               idloc        000
__Linit                init         010
__Lintentry            intentry     004
__Lmaintext            maintext     000
__Lpowerup             powerup      000
__Lram                 ram          000
__Lreset_vec           reset_vec    000
__Lsfr0                sfr0         000
__Lsfr1                sfr1         000
__Lsfr2                sfr2         000
__Lstrings             strings      000
__Ltext                text         000
__S0                   (abs)        51D
__S1                   (abs)        07A
__S2                   (abs)        000
___ftadd               text373      011
___ftadd@exp1          cstackBANK0  050
___ftadd@exp2          cstackBANK0  04F
___ftadd@f1            cstackBANK0  044
___ftadd@f2            cstackBANK0  047
___ftadd@sign          cstackBANK0  04E
___ftmul               text372      153
___ftmul@cntr          cstackBANK0  042
___ftmul@exp           cstackBANK0  03E
___ftmul@f1            cstackBANK0  034
___ftmul@f2            cstackBANK0  037
___ftmul@f3_as_product cstackBANK0  03F
___ftmul@sign          cstackBANK0  043
___ftpack              text376      3A9
___ftpack@arg          cstackCOMMON 074
___ftpack@exp          cstackCOMMON 077
___ftpack@sign         cstackCOMMON 078
___fttol               text375      303
___fttol@exp1          cstackBANK0  030
___fttol@f1            cstackBANK0  023
___fttol@lval          cstackBANK0  02C
___fttol@sign1         cstackBANK0  02B
___lwtoft              text371      4D7
___lwtoft@c            cstackBANK0  031
__end_of_ADC_Init      text370      4D7
__end_of_Delay_xms     text374      4BC
__end_of_GPIO_Init     text380      49D
__end_of_GetADCValue   text378      453
__end_of_ISR           text382      50A
__end_of_PWM4_Init     text379      47B
__end_of_SetPWM4Plus   text377      51A
__end_of_System_init   text381      514
__end_of___ftadd       text373      153
__end_of___ftmul       text372      23D
__end_of___ftpack      text376      42A
__end_of___fttol       text375      3A9
__end_of___lwtoft      text371      4EE
__end_of_main          maintext     303
__pbssBANK0            bssBANK0     052
__pcstackBANK0         cstackBANK0  020
__pcstackCOMMON        cstackCOMMON 070
__pdataBANK0           dataBANK0    05B
__pidataBANK0          idataBANK0   51A
__pintentry            intentry     004
__pmaintext            maintext     23D
__ptext370             text370      4BC
__ptext371             text371      4D7
__ptext372             text372      153
__ptext373             text373      011
__ptext374             text374      49D
__ptext375             text375      303
__ptext376             text376      3A9
__ptext377             text377      514
__ptext378             text378      42A
__ptext379             text379      453
__ptext380             text380      47B
__ptext381             text381      50A
__ptext382             text382      4FF
__ptext383             text383      000
__size_of_ADC_Init     (abs)        000
__size_of_Delay_xms    (abs)        000
__size_of_GPIO_Init    (abs)        000
__size_of_GetADCValue  (abs)        000
__size_of_ISR          (abs)        000
__size_of_PWM4_Init    (abs)        000
__size_of_SetPWM4Plus  (abs)        000
__size_of_System_init  (abs)        000
__size_of___ftadd      (abs)        000
__size_of___ftmul      (abs)        000
__size_of___ftpack     (abs)        000
__size_of___fttol      (abs)        000
__size_of___lwtoft     (abs)        000
__size_of_main         (abs)        000
_adc_K                 dataBANK0    05B
_exit                  init         010
_j                     bssBANK0     058
_main                  maintext     23D
_mode_GPIO             bssBANK0     059
_mode_PWM              bssBANK0     05A
btemp                  (abs)        07E
end_of_initialization  cinit        4FD
interrupt_function     intentry     004
intlevel0              functab      000
intlevel1              functab      000
intlevel2              functab      000
intlevel3              functab      000
intlevel4              functab      000
intlevel5              functab      000
reset_vec              reset_vec    000
saved_w                (abs)        07E
start                  init         010
start_initialization   cinit        4EE
wtemp0                 (abs)        07E
